app/api/customers/[id]/route.ts(22,13): error TS2339: Property 'customer_balance_ledger' does not exist on type 'never'.
app/api/customers/[id]/route.ts(23,12): error TS2339: Property 'customer_balance_ledger' does not exist on type 'never'.
app/api/employees/route.ts(22,62): error TS2769: No overload matches this call.
  Overload 1 of 2, '(values: never, options?: { count?: "exact" | "planned" | "estimated" | undefined; } | undefined): PostgrestFilterBuilder<{ PostgrestVersion: "12"; }, never, never, null, "employees", never, "POST">', gave the following error.
    Argument of type '{ name: any; }' is not assignable to parameter of type 'never'.
  Overload 2 of 2, '(values: never[], options?: { count?: "exact" | "planned" | "estimated" | undefined; defaultToNull?: boolean | undefined; } | undefined): PostgrestFilterBuilder<{ PostgrestVersion: "12"; }, never, never, null, "employees", never, "POST">', gave the following error.
    Object literal may only specify known properties, and 'name' does not exist in type 'never[]'.
app/api/expenses/route.ts(34,61): error TS2769: No overload matches this call.
  Overload 1 of 2, '(values: never, options?: { count?: "exact" | "planned" | "estimated" | undefined; } | undefined): PostgrestFilterBuilder<{ PostgrestVersion: "12"; }, never, never, null, "expenses", never, "POST">', gave the following error.
    Argument of type '{ expense_type: any; category: any; description: any; amount: number; }' is not assignable to parameter of type 'never'.
  Overload 2 of 2, '(values: never[], options?: { count?: "exact" | "planned" | "estimated" | undefined; defaultToNull?: boolean | undefined; } | undefined): PostgrestFilterBuilder<{ PostgrestVersion: "12"; }, never, never, null, "expenses", never, "POST">', gave the following error.
    Object literal may only specify known properties, and 'expense_type' does not exist in type 'never[]'.
app/api/inventory/[id]/restock/route.ts(16,42): error TS2769: No overload matches this call.
  Overload 1 of 2, '(values: never, options?: { count?: "exact" | "planned" | "estimated" | undefined; } | undefined): PostgrestFilterBuilder<{ PostgrestVersion: "12"; }, never, never, null, "inventory_ledger", never, "POST">', gave the following error.
    Argument of type '{ inventory_id: number; quantity_added: any; cost_price: any; }' is not assignable to parameter of type 'never'.
  Overload 2 of 2, '(values: never[], options?: { count?: "exact" | "planned" | "estimated" | undefined; defaultToNull?: boolean | undefined; } | undefined): PostgrestFilterBuilder<{ PostgrestVersion: "12"; }, never, never, null, "inventory_ledger", never, "POST">', gave the following error.
    Object literal may only specify known properties, and 'inventory_id' does not exist in type 'never[]'.
app/api/inventory/[id]/restock/route.ts(23,42): error TS2345: Argument of type '{ current_quantity: number; }' is not assignable to parameter of type 'never'.
app/api/inventory/[id]/restock/route.ts(24,37): error TS2339: Property 'current_quantity' does not exist on type 'never'.
app/api/inventory/[id]/route.ts(22,13): error TS2339: Property 'inventory_ledger' does not exist on type 'never'.
app/api/inventory/[id]/route.ts(23,12): error TS2339: Property 'inventory_ledger' does not exist on type 'never'.
app/api/inventory/[id]/route.ts(36,63): error TS2345: Argument of type '{ selling_price: any; }' is not assignable to parameter of type 'never'.
app/api/inventory/route.ts(37,8): error TS2769: No overload matches this call.
  Overload 1 of 2, '(values: never, options?: { count?: "exact" | "planned" | "estimated" | undefined; } | undefined): PostgrestFilterBuilder<{ PostgrestVersion: "12"; }, never, never, null, "inventory", never, "POST">', gave the following error.
    Argument of type '{ custom_code: any; name: any; current_quantity: any; selling_price: any; }' is not assignable to parameter of type 'never'.
  Overload 2 of 2, '(values: never[], options?: { count?: "exact" | "planned" | "estimated" | undefined; defaultToNull?: boolean | undefined; } | undefined): PostgrestFilterBuilder<{ PostgrestVersion: "12"; }, never, never, null, "inventory", never, "POST">', gave the following error.
    Object literal may only specify known properties, and 'custom_code' does not exist in type 'never[]'.
app/api/inventory/route.ts(50,47): error TS2769: No overload matches this call.
  Overload 1 of 2, '(values: never, options?: { count?: "exact" | "planned" | "estimated" | undefined; } | undefined): PostgrestFilterBuilder<{ PostgrestVersion: "12"; }, never, never, null, "inventory_ledger", never, "POST">', gave the following error.
    Argument of type '{ inventory_id: any; quantity_added: any; cost_price: number; }' is not assignable to parameter of type 'never'.
  Overload 2 of 2, '(values: never[], options?: { count?: "exact" | "planned" | "estimated" | undefined; defaultToNull?: boolean | undefined; } | undefined): PostgrestFilterBuilder<{ PostgrestVersion: "12"; }, never, never, null, "inventory_ledger", never, "POST">', gave the following error.
    Object literal may only specify known properties, and 'inventory_id' does not exist in type 'never[]'.
app/api/inventory/route.ts(51,28): error TS2339: Property 'id' does not exist on type 'never'.
